// Jest Snapshot v1, https://goo.gl/fbAQLP

exports[`[component] JediError should render component when boundary error 1`] = `"<div class=\\"jedi-error\\"><div><p class=\\"message\\">No, I am your father!</p><blockquote><p class=\\"quote\\">I felt a great disturbance in the Force, as if millions of voices suddenly cried out in terror and were suddenly silenced. I fear something terrible has happened.</p><footer class=\\"autor\\">Obi-Wan Kenobi</footer></blockquote></div></div>"`;

exports[`[component] JediError should render component when fetch error 1`] = `"<div class=\\"jedi-error\\"><div><p class=\\"message\\">No, I am your father!</p><blockquote><p class=\\"quote\\">What if I told you that the Republic was now under the control of a Dark Lord of the Sith?</p><footer class=\\"autor\\">Count Dooku</footer></blockquote></div></div>"`;

exports[`[component] JediError should render component when post error 1`] = `"<div class=\\"jedi-error\\"><div><p class=\\"message\\">No, I am your father!</p><blockquote><p class=\\"quote\\">The Council will act as they deem necessary.</p><footer class=\\"autor\\">Mace Windu, member of the Jedi High Council</footer></blockquote></div></div>"`;

exports[`[component] JediError should render empty component 1`] = `null`;
