// Jest Snapshot v1, https://goo.gl/fbAQLP

exports[`[component] JediList should render children as function 1`] = `"<ul class=\\"jedi-list\\"></ul>"`;

exports[`[component] JediList should render children as function 2`] = `"<ul class=\\"jedi-list\\"><li class=\\"jedi\\">Anakin Skywalker</li><li class=\\"jedi\\">Sheev Palpatine</li></ul>"`;

exports[`[component] JediList should render component 1`] = `"<ul class=\\"jedi-list\\"></ul>"`;
