// Jest Snapshot v1, https://goo.gl/fbAQLP

exports[`App should render component 1`] = `"<div class=\\"app\\"><header class=\\"app-header\\"><img alt=\\"app logo\\" src=\\"logo_jedi_order.svg\\" class=\\"app-logo rotate\\"/><h1 class=\\"app-title\\">Jedi List</h1></header><div class=\\"jedi-list-empty\\"><div class=\\"jedi-quote\\"><p>Looks like someone executed Order 66 !</p><blockquote><p>Master sky walker there is too many of them what are we going to do?</p><footer>Padawan</footer></blockquote></div></div></div>"`;

exports[`App should render list item when jedi fetch success 1`] = `"<div class=\\"app\\"><header class=\\"app-header\\"><img alt=\\"app logo\\" src=\\"logo_jedi_order.svg\\" class=\\"app-logo rotate\\"/><h1 class=\\"app-title\\">Jedi List</h1></header><ul class=\\"app-list\\"><li class=\\"jedi-list-item\\"><span>42</span><span>Jar Jar Bings</span></li><li class=\\"jedi-list-item\\"><span>1337</span><span>Anakin Skywalkers</span></li></ul></div>"`;
