// Jest Snapshot v1, https://goo.gl/fbAQLP

exports[`App should render component 1`] = `"<div class=\\"app\\"><header class=\\"app-header\\"><img alt=\\"app logo\\" src=\\"logo_jedi_order.svg\\" class=\\"app-logo rotate\\"><h1 class=\\"app-title\\">Jedi List</h1></header><div class=\\"jedi\\"><div class=\\"jedi-list-empty\\"><div class=\\"jedi-quote\\"><p>Looks like someone executed Order 66 !</p><blockquote><p>Master sky walker there is too many of them what are we going to do?</p><footer>Padawan</footer></blockquote></div></div></div></div>"`;

exports[`App should render error when jedi fetch in failure 1`] = `"<div class=\\"app\\"><header class=\\"app-header\\"><img alt=\\"app logo\\" src=\\"logo_jedi_order.svg\\" class=\\"app-logo rotate\\"><h1 class=\\"app-title\\">Jedi List</h1></header><div class=\\"jedi error\\"><div class=\\"jedi-error\\"><div class=\\"jedi-quote\\"><p>death star destroyed !</p><blockquote><p>What if I told you that the Republic was now under the control of a Dark Lord of the Sith?</p><footer>Count Dooku</footer></blockquote></div></div><div class=\\"jedi-list-empty\\"><div class=\\"jedi-quote\\"><p>Looks like someone executed Order 66 !</p><blockquote><p>Master sky walker there is too many of them what are we going to do?</p><footer>Padawan</footer></blockquote></div></div></div></div>"`;

exports[`App should render list item when jedi fetch success 1`] = `"<div class=\\"app\\"><header class=\\"app-header\\"><img alt=\\"app logo\\" src=\\"logo_jedi_order.svg\\" class=\\"app-logo rotate\\"><h1 class=\\"app-title\\">Jedi List</h1></header><div class=\\"jedi\\"><ul class=\\"jedi-list\\"><li class=\\"jedi-list-item\\"><span>42</span><span>Jar Jar Bings</span></li><li class=\\"jedi-list-item\\"><span>1337</span><span>Anakin Skywalkers</span></li></ul></div></div>"`;

exports[`App should render list loader when jedi fetch in progress 1`] = `"<div class=\\"app\\"><header class=\\"app-header\\"><img alt=\\"app logo\\" src=\\"logo_jedi_order.svg\\" class=\\"app-logo rotate\\"><h1 class=\\"app-title\\">Jedi List</h1></header><div class=\\"jedi\\"><div class=\\"jedi-list-loader\\"><div class=\\"jedi-quote\\"><p>C3PO is fetching jedi list ...</p><blockquote><p>hnnnhrrhhh huurh uughghhhgh raaaaaahhgh uughguughhhghghghhhgh</p><footer>Chewbacca</footer></blockquote></div></div></div></div>"`;
